BL51 BANKED LINKER/LOCATER V6.22.2.0                                                    06/07/2025  09:16:11  PAGE 1


BL51 BANKED LINKER/LOCATER V6.22.2.0, INVOKED BY:
C:\KEIL_V5\C51\BIN\BL51.EXE .\Objects\test.obj TO .\Objects\test PRINT (.\Listings\test.m51) RAMSIZE (256)


INPUT MODULES INCLUDED:
  .\Objects\test.obj (TEST)


LINK MAP OF MODULE:  .\Objects\test (TEST)


            TYPE    BASE      LENGTH    RELOCATION   SEGMENT NAME
            -----------------------------------------------------

            * * * * * * *   D A T A   M E M O R Y   * * * * * * *
            REG     0000H     0008H     ABSOLUTE     "REG BANK 0"

            * * * * * * *   C O D E   M E M O R Y   * * * * * * *
            CODE    0000H     0115H     ABSOLUTE     



SYMBOL TABLE OF MODULE:  .\Objects\test (TEST)

  VALUE           TYPE          NAME
  ----------------------------------

  -------         MODULE        TEST
  C:00F8H         SYMBOL        AF_CHECK
  C:0071H         SYMBOL        CHECK_PASSWORD
  C:0076H         SYMBOL        CHK_LOOP
  C:009CH         SYMBOL        CLEAR_USERIN
  C:00A0H         SYMBOL        CLR_LOOP
  C:0088H         SYMBOL        CORRECT
  C:0109H         SYMBOL        D1
  C:010BH         SYMBOL        D2
  C:0107H         SYMBOL        DELAY
  C:00FEH         SYMBOL        DELAY_2S
  C:00FDH         SYMBOL        DONE_NEXT
  C:00CBH         SYMBOL        DONE_PRINT
  B:00A8H.7       SYMBOL        EA
  B:0090H.7       SYMBOL        EN
  B:00A8H.0       SYMBOL        EX0
  C:005FH         SYMBOL        HANDLE_ISR
  C:0051H         SYMBOL        INPUT_LOOP
  C:0110H         SYMBOL        INT0_ISR
  C:0006H         SYMBOL        IPMSG
  B:0088H.0       SYMBOL        IT0
  C:00BBH         SYMBOL        LCD_CLR
  C:00A6H         SYMBOL        LCD_INIT
  C:00C2H         SYMBOL        LCD_PRINT
  C:00C0H         SYMBOL        LCD_PRINT_LINE1
  C:00E3H         SYMBOL        LCMD
  C:00D6H         SYMBOL        LDAT
  C:0042H         SYMBOL        MAIN_LOOP
  C:00F0H         SYMBOL        NEXT_CHAR_ROUTINE
  D:0080H         SYMBOL        P0
  D:00B0H         SYMBOL        P3
BL51 BANKED LINKER/LOCATER V6.22.2.0                                                  06/07/2025  09:16:11  PAGE 2


  C:0031H         SYMBOL        PASSW
  B:0090H.6       SYMBOL        RS
  B:0090H.4       SYMBOL        RW
  C:00CCH         SYMBOL        SET_CURSOR_LINE1
  C:00D1H         SYMBOL        SET_CURSOR_LINE2
  C:0038H         SYMBOL        START
  C:0022H         SYMBOL        TEXT_F
  C:0016H         SYMBOL        TEXT_S
  C:0035H         SYMBOL        USERIN
  C:0092H         SYMBOL        WRONG
  C:0000H         LINE#         2
  C:0003H         LINE#         5
  C:0038H         LINE#         17
  C:003AH         LINE#         18
  C:003CH         LINE#         19
  C:003EH         LINE#         20
  C:0040H         LINE#         21
  C:0042H         LINE#         24
  C:0044H         LINE#         25
  C:0047H         LINE#         26
  C:0049H         LINE#         27
  C:004BH         LINE#         28
  C:004DH         LINE#         29
  C:004FH         LINE#         30
  C:0051H         LINE#         33
  C:0053H         LINE#         34
  C:0054H         LINE#         35
  C:0056H         LINE#         36
  C:0058H         LINE#         37
  C:005BH         LINE#         38
  C:005DH         LINE#         39
  C:005FH         LINE#         44
  C:0060H         LINE#         45
  C:0062H         LINE#         46
  C:0063H         LINE#         47
  C:0064H         LINE#         48
  C:0065H         LINE#         49
  C:0066H         LINE#         51
  C:0069H         LINE#         54
  C:006BH         LINE#         55
  C:006DH         LINE#         56
  C:006FH         LINE#         57
  C:0071H         LINE#         63
  C:0073H         LINE#         64
  C:0076H         LINE#         67
  C:0077H         LINE#         68
  C:0079H         LINE#         69
  C:007AH         LINE#         70
  C:007BH         LINE#         71
  C:007DH         LINE#         73
  C:007EH         LINE#         74
  C:007FH         LINE#         75
  C:0082H         LINE#         77
  C:0083H         LINE#         78
  C:0086H         LINE#         79
  C:0088H         LINE#         82
  C:008AH         LINE#         83
BL51 BANKED LINKER/LOCATER V6.22.2.0                                                  06/07/2025  09:16:11  PAGE 3


  C:008DH         LINE#         84
  C:008FH         LINE#         85
  C:0091H         LINE#         86
  C:0092H         LINE#         89
  C:0094H         LINE#         90
  C:0097H         LINE#         91
  C:0099H         LINE#         92
  C:009BH         LINE#         93
  C:009CH         LINE#         95
  C:009EH         LINE#         96
  C:00A0H         LINE#         98
  C:00A2H         LINE#         99
  C:00A3H         LINE#         100
  C:00A5H         LINE#         101
  C:00A6H         LINE#         107
  C:00A8H         LINE#         108
  C:00AAH         LINE#         109
  C:00ACH         LINE#         110
  C:00AEH         LINE#         111
  C:00B0H         LINE#         112
  C:00B2H         LINE#         113
  C:00B4H         LINE#         114
  C:00B6H         LINE#         115
  C:00B8H         LINE#         116
  C:00BAH         LINE#         117
  C:00BBH         LINE#         120
  C:00BDH         LINE#         121
  C:00BFH         LINE#         122
  C:00C0H         LINE#         125
  C:00C2H         LINE#         127
  C:00C3H         LINE#         128
  C:00C4H         LINE#         129
  C:00C6H         LINE#         130
  C:00C8H         LINE#         131
  C:00C9H         LINE#         132
  C:00CBH         LINE#         134
  C:00CCH         LINE#         137
  C:00CEH         LINE#         138
  C:00D0H         LINE#         139
  C:00D1H         LINE#         142
  C:00D3H         LINE#         143
  C:00D5H         LINE#         144
  C:00D6H         LINE#         147
  C:00D8H         LINE#         148
  C:00DAH         LINE#         149
  C:00DCH         LINE#         150
  C:00DEH         LINE#         151
  C:00E0H         LINE#         152
  C:00E2H         LINE#         153
  C:00E3H         LINE#         156
  C:00E5H         LINE#         157
  C:00E7H         LINE#         158
  C:00E9H         LINE#         159
  C:00EBH         LINE#         160
  C:00EDH         LINE#         161
  C:00EFH         LINE#         162
  C:00F0H         LINE#         168
BL51 BANKED LINKER/LOCATER V6.22.2.0                                                  06/07/2025  09:16:11  PAGE 4


  C:00F1H         LINE#         169
  C:00F4H         LINE#         170
  C:00F6H         LINE#         171
  C:00F8H         LINE#         174
  C:00FBH         LINE#         175
  C:00FDH         LINE#         178
  C:00FEH         LINE#         184
  C:0100H         LINE#         185
  C:0102H         LINE#         186
  C:0104H         LINE#         187
  C:0106H         LINE#         188
  C:0107H         LINE#         191
  C:0109H         LINE#         192
  C:010BH         LINE#         193
  C:010DH         LINE#         194
  C:010FH         LINE#         195
  C:0110H         LINE#         198
  C:0112H         LINE#         199
  C:0114H         LINE#         200
  -------         ENDMOD        TEST

******************************************************************************
* RESTRICTED VERSION WITH 0800H BYTE CODE SIZE LIMIT; USED: 0112H BYTE (13%) *
******************************************************************************

Program Size: data=8.0 xdata=0 code=277
LINK/LOCATE RUN COMPLETE.  0 WARNING(S),  0 ERROR(S)
